[10:16:35] WAKE(voice) OK: Ключевое слово «Зевс» распознано
[10:16:41] COMMAND(voice) OK: так сэр запусти каэс два
[10:16:41] SYSTEM(system) ERR action=not_found: Не нашёл 'каэс два' в списке команд. Добавьте его в commands.json или скажите 'найди каэс два'.
[10:16:41] FOLLOW_UP(system) OK: Открыто окно контекстного диалога
[10:16:50] WAKE(voice) OK: Ключевое слово «Зевс» распознано
[10:16:55] COMMAND(voice) OK: да сэр запусти контра страйк два
[10:16:56] SYSTEM(system) ERR action=not_found: Не нашёл 'контра страйк два' в списке команд. Добавьте его в commands.json или скажите 'найди контра страйк два'.
[10:16:56] FOLLOW_UP(system) OK: Открыто окно контекстного диалога
[10:25:02] WAKE(voice) OK: Ключевое слово «Зевс» распознано
[10:25:50] WAKE(voice) OK: Ключевое слово «Зевс» распознано
[10:26:47] WAKE(voice) OK: Ключевое слово «Зевс» распознано
[10:26:54] COMMAND(voice) OK: да сэр запусти контра страйк два
[10:26:54] SYSTEM(system) ERR action=not_found: Не нашёл 'контра страйк два' в списке команд. Добавьте его в commands.json или скажите 'найди контра страйк два'.
[10:26:54] FOLLOW_UP(system) OK: Открыто окно контекстного диалога
[10:27:14] WAKE(voice) OK: Ключевое слово «Зевс» распознано
[10:27:30] WAKE(voice) OK: Ключевое слово «Зевс» распознано
[10:27:41] WAKE(voice) OK: Ключевое слово «Зевс» распознано
[10:27:47] COMMAND(voice) OK: да сэр запусти контр страйк два
[10:27:48] SYSTEM(system) ERR action=not_found: Не нашёл 'контр страйк два' в списке команд. Добавьте его в commands.json или скажите 'найди контр страйк два'.
[10:27:48] FOLLOW_UP(system) OK: Открыто окно контекстного диалога
